// Jest Snapshot v1, https://goo.gl/fbAQLP

exports[`InvalidUrl message rendering works 1`] = `
Object {
  "attachments": Array [
    Object {
      "color": "danger",
      "mrkdwn_in": Array [
        "text",
      ],
      "text": "\`https://amazon.com/atom/atom\` does not appear to be a GitHub link.",
    },
  ],
  "response_type": "ephemeral",
}
`;
