// Jest Snapshot v1, https://goo.gl/fbAQLP

exports[`Invalid Argument works 1`] = `
Object {
  "attachments": Array [
    Object {
      "color": "danger",
      "mrkdwn_in": Array [
        "text",
      ],
      "text": "\`label;foo\` is not a valid argument.",
    },
  ],
  "response_type": "ephemeral",
}
`;
