// Jest Snapshot v1, https://goo.gl/fbAQLP

exports[`SignIn rendering works 1`] = `
Object {
  "attachments": Array [
    Object {
      "actions": Array [
        Object {
          "style": "primary",
          "text": "Connect GitHub account",
          "type": "button",
          "url": "https://example.org/github/oauth/login?state=abcdef",
        },
      ],
      "color": "#24292f",
      "fallback": "Finish connecting your GitHub account",
      "text": "Finish connecting your GitHub account",
    },
  ],
  "response_type": "ephemeral",
}
`;
