// Jest Snapshot v1, https://goo.gl/fbAQLP

exports[`Public rendering works 1`] = `
Object {
  "attachments": Array [
    Object {
      "author_icon": "https://avatars1.githubusercontent.com/u/7718702?v=4",
      "author_link": "https://github.com/wilhelmklopp",
      "author_name": "wilhelmklopp",
      "color": "#24292f",
      "fallback": "github-slack/private-turned-public is now public!",
      "footer": "<https://github.com/github-slack/private-turned-public|github-slack/private-turned-public>",
      "footer_icon": "https://github.githubassets.com/favicon.ico",
      "image_url": "https://octodex.github.com/images/welcometocat.png",
      "text": "github-slack/private-turned-public is now public!",
    },
  ],
}
`;
