// Jest Snapshot v1, https://goo.gl/fbAQLP

exports[`AlreadySubscribed message rendering works 1`] = `
Object {
  "attachments": Array [
    Object {
      "color": "danger",
      "mrkdwn_in": Array [
        "text",
      ],
      "text": "You're already subscribed to \`atom/atom\`",
    },
  ],
  "response_type": "ephemeral",
}
`;
