// Jest Snapshot v1, https://goo.gl/fbAQLP

exports[`NotSubscribed message rendering works 1`] = `
Object {
  "attachments": Array [
    Object {
      "color": "danger",
      "mrkdwn_in": Array [
        "text",
      ],
      "text": "You're not currently subscribed to \`atom/atom\`
Use \`/github subscribe atom/atom\` to subscribe.",
    },
  ],
  "response_type": "ephemeral",
}
`;
