// Jest Snapshot v1, https://goo.gl/fbAQLP

exports[`NoSubscriptionsError message rendering works 1`] = `
Object {
  "attachments": Array [
    Object {
      "color": "danger",
      "mrkdwn_in": Array [
        "text",
      ],
      "text": "This channel is not subscribed to any repositories",
    },
  ],
  "response_type": "ephemeral",
}
`;
