// Jest Snapshot v1, https://goo.gl/fbAQLP

exports[`UnfurlAutoSettingsRemoveConfirm rendering works 1`] = `
Object {
  "color": "#24292f",
  "mrkdwn_in": Array [
    "text",
  ],
  "text": ":white_check_mark: Links you post to \`integrations/slack\` will no longer receive automatic rich previews.",
}
`;
