// Jest Snapshot v1, https://goo.gl/fbAQLP

exports[`Unfurl PromptSignIn message rendering works 1`] = `
Object {
  "actions": Array [
    Object {
      "style": "primary",
      "text": "Connect GitHub account",
      "type": "button",
      "url": "https://some-url.com/to-log-in?state=probably-with-state",
    },
  ],
  "color": "#24292f",
  "mrkdwn_in": Array [
    "text",
  ],
  "text": "To see the rich preview, please connect your GitHub account. You will only have to do this once.",
}
`;
