// Jest Snapshot v1, https://goo.gl/fbAQLP

exports[`UnfurlsDisabledError message rendering works 1`] = `
Object {
  "color": "danger",
  "mrkdwn_in": Array [
    "text",
  ],
  "text": "Could not complete link preview because your workspace has disabled link previews for \`github.com\` <https://get.slack.help/hc/en-us/articles/204399343-Share-links-in-Slack#turn-off-link-previews-for-specific-sites|Read more>",
}
`;
