// Jest Snapshot v1, https://goo.gl/fbAQLP

exports[`Integration: api with a valid user token does not post message if user does not have push access 1`] = `[MockFunction cache.get]`;

exports[`Integration: api with a valid user token does not post message if user does not have push access 2`] = `[MockFunction cache.set]`;

exports[`Integration: api with a valid user token does not post message if user does not have push access 3`] = `[MockFunction cache.fetch]`;

exports[`Integration: api with a valid user token posts message if user has push access 1`] = `
Object {
  "attachments": "[{\\"text\\":\\"hello world\\"}]",
  "channel": "C001",
  "token": "xoxp-token",
}
`;

exports[`Integration: api with a valid user token posts message if user has push access 2`] = `[MockFunction cache.get]`;

exports[`Integration: api with a valid user token posts message if user has push access 3`] = `[MockFunction cache.set]`;

exports[`Integration: api with a valid user token posts message if user has push access 4`] = `[MockFunction cache.fetch]`;

exports[`Integration: api without authentication responds with 401 1`] = `[MockFunction cache.get]`;

exports[`Integration: api without authentication responds with 401 2`] = `[MockFunction cache.set]`;

exports[`Integration: api without authentication responds with 401 3`] = `[MockFunction cache.fetch]`;
