// Jest Snapshot v1, https://goo.gl/fbAQLP

exports[`Integration: debug returns debug information 1`] = `
Object {
  "attachments": Array [
    Object {
      "text": "\`\`\`{
  \\"team_id\\": \\"T0001\\",
  \\"team_domain\\": \\"example\\",
  \\"user_id\\": \\"U2147483697\\",
  \\"channel_id\\": \\"C2147483705\\",
  \\"channel_name\\": \\"test\\",
  \\"text\\": \\"debug\\",
  \\"enterprise_id\\": \\"E0001\\",
  \\"enterprise_name\\": \\"Globular%20Construct%20Inc\\"
}\`\`\`",
      "title": "Debug information",
    },
  ],
  "response_type": "ephemeral",
}
`;

exports[`Integration: debug returns debug information 2`] = `
Set {
  "pending-command#13345224609.738474920.8088930838d88f008e0",
}
`;

exports[`Integration: debug returns debug information 3`] = `
Map {
  "pending-command#13345224609.738474920.8088930838d88f008e0" => Object {
    "channel_id": "C2147483705",
    "channel_name": "test",
    "command": "/github",
    "enterprise_id": "E0001",
    "enterprise_name": "Globular%20Construct%20Inc",
    "response_url": "https://hooks.slack.com/commands/1234/5678",
    "team_domain": "example",
    "team_id": "T0001",
    "text": "debug",
    "token": "secret",
    "trigger_id": "13345224609.738474920.8088930838d88f008e0",
    "user_id": "U2147483697",
    "user_name": "Steve",
  },
}
`;
