// Jest Snapshot v1, https://goo.gl/fbAQLP

exports[`Integration: frontend / 1`] = `
"<div style=\\"margin: 25% auto; text-align: center\\">
  <a href=\\"/slack/oauth/login\\">
    <img alt=\\"Add to Slack\\" height=\\"40\\" width=\\"139\\"
      src=\\"https://platform.slack-edge.com/img/add_to_slack.png\\"
      srcset=\\"https://platform.slack-edge.com/img/add_to_slack.png 1x, https://platform.slack-edge.com/img/add_to_slack@2x.png 2x\\" />
  </a>
</div>
"
`;

exports[`Integration: frontend /denied 1`] = `
"<!DOCTYPE html>
<html>
  <head>
    <meta charset=\\"utf-8\\">
    <title>Access Denied</title>
    <link rel=\\"stylesheet\\" href=\\"/static/primer.css\\">
  </head>
  <body>
    <div style=\\"margin: 20% auto; max-width: 500px; text-align: center;\\">
      <h2 class=\\"alt-h2\\">We're not ready for you…yet.</h2>

      <p class=\\"lead\\">
        We're putting the finishing touches on the new integration, but
        let us know if you would like to join the beta program.
      </p>

      <a class=\\"btn btn-large btn-outline btn-primary\\" href=\\"https://github.com/support?form%5Bsubject%5D&#x3D;GitHub%2BSlack%20integration&amp;form%5Bcomments%5D&#x3D;I%20would%20like%20to%20join%20the%20beta%20for%20the%20new%20GitHub%2BSlack%20integration.%0A%0AThe%20URL%20for%20my%20Slack%20team%20is%20YOUR-DOMAIN.slack.com%20and%20I%20have%20registered%20for%20the%20pre-release%20program%20at%20https%3A%2F%2Fgithub.com%2Fprerelease%2Fagreement\\">Request Access</a>
    </div>
  </body>
</html>
"
`;
