// Jest Snapshot v1, https://goo.gl/fbAQLP

exports[`Middleware Parse action payload returns 400 for invalid format 1`] = `[MockFunction cache.get]`;

exports[`Middleware Parse action payload returns 400 for invalid format 2`] = `[MockFunction cache.set]`;

exports[`Middleware Parse action payload returns 400 for invalid format 3`] = `[MockFunction cache.fetch]`;
