// Jest Snapshot v1, https://goo.gl/fbAQLP

exports[`Integration: signout a signed in user is successfully signed out 1`] = `
":white_check_mark: <@U2147483697> is now signed out
Features like subscriptions and rich link previews will stop working. Use \`/github signin\` to sign back into your GitHub account at any time (or click the button below)."
`;
