// Jest Snapshot v1, https://goo.gl/fbAQLP

exports[`Slack events POST /slack/events.url_verification responds with 400 if token is invalid 1`] = `Set {}`;

exports[`Slack events POST /slack/events.url_verification responds with 400 if token is invalid 2`] = `Map {}`;

exports[`Slack events POST /slack/events.url_verification responds with challenge if token matches 1`] = `Set {}`;

exports[`Slack events POST /slack/events.url_verification responds with challenge if token matches 2`] = `Map {}`;
