// Jest Snapshot v1, https://goo.gl/fbAQLP

exports[`Uninstalling the slack app deletes all corresponding subscriptions 1`] = `[MockFunction cache.get]`;

exports[`Uninstalling the slack app deletes all corresponding subscriptions 2`] = `[MockFunction cache.set]`;

exports[`Uninstalling the slack app deletes all corresponding subscriptions 3`] = `[MockFunction cache.fetch]`;
