// Jest Snapshot v1, https://goo.gl/fbAQLP

exports[`Integration: slack authentication invalid state fails with error message 1`] = `"Session state does not match state. Please try again."`;

exports[`Integration: slack authentication no session fails with error message 1`] = `"No state in session. Please try again."`;

exports[`Integration: slack authentication no state param fails with error message 1`] = `"No state param in callback. Please try again."`;

exports[`Integration: slack authentication slack non-ok response fails with error message 1`] = `"Slack did not return ok. Please try again."`;

exports[`Integration: slack authentication user aborting oauth process fails with error message 1`] = `"User aborted OAuth process. Please try again."`;
