// Jest Snapshot v1, https://goo.gl/fbAQLP

exports[`Integration: subscription list works 1`] = `
Object {
  "attachments": Array [
    Object {
      "color": "#24292f",
      "fallback": "<#C2147483705> is subscribed to 2 repositories",
      "text": "<https://github.com/atom/atom|atom/atom>
<https://github.com/kubernetes/kubernetes|kubernetes/kubernetes>",
      "title": "<#C2147483705> is subscribed to",
    },
  ],
  "response_type": "in_channel",
}
`;
